---
source: crates/oac/src/qbe_backend.rs
expression: output
---

