---
source: crates/oac/src/qbe_backend.rs
expression: output
---
0
1
1
2
3
5
8
