---
source: crates/oac/src/qbe_backend.rs
expression: output
---
1
3
4
